// Jest Snapshot v1, https://goo.gl/fbAQLP

exports[`renders with data 1`] = `<div />`;
